** Drc report for DeflectionBoard.kicad_pcb **
** Created on 2026-06-15T13:19:47 **
** Report includes: Errors, Warnings **

** Found 5 DRC violations **
[lib_footprint_mismatch]: Footprint 'DPC0008A' does not match copy in library 'vectrex repro'
    Local override; warning
    @(131.6410 mm, 118.4647 mm): Footprint U302
[lib_footprint_mismatch]: Footprint 'DPC0008A' does not match copy in library 'vectrex repro'
    Local override; warning
    @(119.1555 mm, 118.7347 mm): Footprint U301
[lib_footprint_mismatch]: Footprint 'DPC0008A' does not match copy in library 'vectrex repro'
    Local override; warning
    @(119.3884 mm, 94.3597 mm): Footprint U201
[lib_footprint_mismatch]: Footprint 'DPC0008A' does not match copy in library 'vectrex repro'
    Local override; warning
    @(131.8739 mm, 94.0897 mm): Footprint U202
[lib_footprint_mismatch]: Footprint 'PWP14' does not match copy in library 'vectrex repro'
    Local override; warning
    @(131.8307 mm, 71.7350 mm): Footprint U101

** Found 0 unconnected pads **

** Found 0 Footprint errors **

** Ignored checks **
    - Footprint has no courtyard defined
    - Track endpoint not centered on via
    - Tuning profile track geometries
    - Footprint doesn't match symbol's footprint filters
    - Footprint component type doesn't match footprint pads

** End of Report **
